
11. Executing CHECK pass (checking for obvious problems).
Checking module user_project_wrapper...
Warning: multiple conflicting drivers for user_project_wrapper.\wbs_dat_o [31]:
    port wbs_dat_o[31] of cell mprj1 (user_proj_example)
    port wbs_dat_o[31] of cell mprj2 (user_proj_example2)
Warning: multiple conflicting drivers for user_project_wrapper.\wbs_dat_o [30]:
    port wbs_dat_o[30] of cell mprj1 (user_proj_example)
    port wbs_dat_o[30] of cell mprj2 (user_proj_example2)
Warning: multiple conflicting drivers for user_project_wrapper.\wbs_dat_o [29]:
    port wbs_dat_o[29] of cell mprj1 (user_proj_example)
    port wbs_dat_o[29] of cell mprj2 (user_proj_example2)
Warning: multiple conflicting drivers for user_project_wrapper.\wbs_dat_o [28]:
    port wbs_dat_o[28] of cell mprj1 (user_proj_example)
    port wbs_dat_o[28] of cell mprj2 (user_proj_example2)
Warning: multiple conflicting drivers for user_project_wrapper.\wbs_dat_o [27]:
    port wbs_dat_o[27] of cell mprj1 (user_proj_example)
    port wbs_dat_o[27] of cell mprj2 (user_proj_example2)
Warning: multiple conflicting drivers for user_project_wrapper.\wbs_dat_o [26]:
    port wbs_dat_o[26] of cell mprj1 (user_proj_example)
    port wbs_dat_o[26] of cell mprj2 (user_proj_example2)
Warning: multiple conflicting drivers for user_project_wrapper.\wbs_dat_o [25]:
    port wbs_dat_o[25] of cell mprj1 (user_proj_example)
    port wbs_dat_o[25] of cell mprj2 (user_proj_example2)
Warning: multiple conflicting drivers for user_project_wrapper.\wbs_dat_o [24]:
    port wbs_dat_o[24] of cell mprj1 (user_proj_example)
    port wbs_dat_o[24] of cell mprj2 (user_proj_example2)
Warning: multiple conflicting drivers for user_project_wrapper.\wbs_dat_o [23]:
    port wbs_dat_o[23] of cell mprj1 (user_proj_example)
    port wbs_dat_o[23] of cell mprj2 (user_proj_example2)
Warning: multiple conflicting drivers for user_project_wrapper.\wbs_dat_o [22]:
    port wbs_dat_o[22] of cell mprj1 (user_proj_example)
    port wbs_dat_o[22] of cell mprj2 (user_proj_example2)
Warning: multiple conflicting drivers for user_project_wrapper.\wbs_dat_o [21]:
    port wbs_dat_o[21] of cell mprj1 (user_proj_example)
    port wbs_dat_o[21] of cell mprj2 (user_proj_example2)
Warning: multiple conflicting drivers for user_project_wrapper.\wbs_dat_o [20]:
    port wbs_dat_o[20] of cell mprj1 (user_proj_example)
    port wbs_dat_o[20] of cell mprj2 (user_proj_example2)
Warning: multiple conflicting drivers for user_project_wrapper.\wbs_dat_o [19]:
    port wbs_dat_o[19] of cell mprj1 (user_proj_example)
    port wbs_dat_o[19] of cell mprj2 (user_proj_example2)
Warning: multiple conflicting drivers for user_project_wrapper.\wbs_dat_o [18]:
    port wbs_dat_o[18] of cell mprj1 (user_proj_example)
    port wbs_dat_o[18] of cell mprj2 (user_proj_example2)
Warning: multiple conflicting drivers for user_project_wrapper.\wbs_dat_o [17]:
    port wbs_dat_o[17] of cell mprj1 (user_proj_example)
    port wbs_dat_o[17] of cell mprj2 (user_proj_example2)
Warning: multiple conflicting drivers for user_project_wrapper.\wbs_dat_o [16]:
    port wbs_dat_o[16] of cell mprj1 (user_proj_example)
    port wbs_dat_o[16] of cell mprj2 (user_proj_example2)
Warning: multiple conflicting drivers for user_project_wrapper.\wbs_dat_o [15]:
    port wbs_dat_o[15] of cell mprj1 (user_proj_example)
    port wbs_dat_o[15] of cell mprj2 (user_proj_example2)
Warning: multiple conflicting drivers for user_project_wrapper.\wbs_dat_o [14]:
    port wbs_dat_o[14] of cell mprj1 (user_proj_example)
    port wbs_dat_o[14] of cell mprj2 (user_proj_example2)
Warning: multiple conflicting drivers for user_project_wrapper.\wbs_dat_o [13]:
    port wbs_dat_o[13] of cell mprj1 (user_proj_example)
    port wbs_dat_o[13] of cell mprj2 (user_proj_example2)
Warning: multiple conflicting drivers for user_project_wrapper.\wbs_dat_o [12]:
    port wbs_dat_o[12] of cell mprj1 (user_proj_example)
    port wbs_dat_o[12] of cell mprj2 (user_proj_example2)
Warning: multiple conflicting drivers for user_project_wrapper.\wbs_dat_o [11]:
    port wbs_dat_o[11] of cell mprj1 (user_proj_example)
    port wbs_dat_o[11] of cell mprj2 (user_proj_example2)
Warning: multiple conflicting drivers for user_project_wrapper.\wbs_dat_o [10]:
    port wbs_dat_o[10] of cell mprj1 (user_proj_example)
    port wbs_dat_o[10] of cell mprj2 (user_proj_example2)
Warning: multiple conflicting drivers for user_project_wrapper.\wbs_dat_o [9]:
    port wbs_dat_o[9] of cell mprj1 (user_proj_example)
    port wbs_dat_o[9] of cell mprj2 (user_proj_example2)
Warning: multiple conflicting drivers for user_project_wrapper.\wbs_dat_o [8]:
    port wbs_dat_o[8] of cell mprj1 (user_proj_example)
    port wbs_dat_o[8] of cell mprj2 (user_proj_example2)
Warning: multiple conflicting drivers for user_project_wrapper.\wbs_dat_o [7]:
    port wbs_dat_o[7] of cell mprj1 (user_proj_example)
    port wbs_dat_o[7] of cell mprj2 (user_proj_example2)
Warning: multiple conflicting drivers for user_project_wrapper.\wbs_dat_o [6]:
    port wbs_dat_o[6] of cell mprj1 (user_proj_example)
    port wbs_dat_o[6] of cell mprj2 (user_proj_example2)
Warning: multiple conflicting drivers for user_project_wrapper.\wbs_dat_o [5]:
    port wbs_dat_o[5] of cell mprj1 (user_proj_example)
    port wbs_dat_o[5] of cell mprj2 (user_proj_example2)
Warning: multiple conflicting drivers for user_project_wrapper.\wbs_dat_o [4]:
    port wbs_dat_o[4] of cell mprj1 (user_proj_example)
    port wbs_dat_o[4] of cell mprj2 (user_proj_example2)
Warning: multiple conflicting drivers for user_project_wrapper.\wbs_dat_o [3]:
    port wbs_dat_o[3] of cell mprj1 (user_proj_example)
    port wbs_dat_o[3] of cell mprj2 (user_proj_example2)
Warning: multiple conflicting drivers for user_project_wrapper.\wbs_dat_o [2]:
    port wbs_dat_o[2] of cell mprj1 (user_proj_example)
    port wbs_dat_o[2] of cell mprj2 (user_proj_example2)
Warning: multiple conflicting drivers for user_project_wrapper.\wbs_dat_o [1]:
    port wbs_dat_o[1] of cell mprj1 (user_proj_example)
    port wbs_dat_o[1] of cell mprj2 (user_proj_example2)
Warning: multiple conflicting drivers for user_project_wrapper.\wbs_dat_o [0]:
    port wbs_dat_o[0] of cell mprj1 (user_proj_example)
    port wbs_dat_o[0] of cell mprj2 (user_proj_example2)
Warning: multiple conflicting drivers for user_project_wrapper.\wbs_ack_o:
    port wbs_ack_o[0] of cell mprj1 (user_proj_example)
    port wbs_ack_o[0] of cell mprj2 (user_proj_example2)
Warning: multiple conflicting drivers for user_project_wrapper.\la_data_out [127]:
    port la_data_out[127] of cell mprj1 (user_proj_example)
    port la_data_out[127] of cell mprj2 (user_proj_example2)
Warning: multiple conflicting drivers for user_project_wrapper.\la_data_out [126]:
    port la_data_out[126] of cell mprj1 (user_proj_example)
    port la_data_out[126] of cell mprj2 (user_proj_example2)
Warning: multiple conflicting drivers for user_project_wrapper.\la_data_out [125]:
    port la_data_out[125] of cell mprj1 (user_proj_example)
    port la_data_out[125] of cell mprj2 (user_proj_example2)
Warning: multiple conflicting drivers for user_project_wrapper.\la_data_out [124]:
    port la_data_out[124] of cell mprj1 (user_proj_example)
    port la_data_out[124] of cell mprj2 (user_proj_example2)
Warning: multiple conflicting drivers for user_project_wrapper.\la_data_out [123]:
    port la_data_out[123] of cell mprj1 (user_proj_example)
    port la_data_out[123] of cell mprj2 (user_proj_example2)
Warning: multiple conflicting drivers for user_project_wrapper.\la_data_out [122]:
    port la_data_out[122] of cell mprj1 (user_proj_example)
    port la_data_out[122] of cell mprj2 (user_proj_example2)
Warning: multiple conflicting drivers for user_project_wrapper.\la_data_out [121]:
    port la_data_out[121] of cell mprj1 (user_proj_example)
    port la_data_out[121] of cell mprj2 (user_proj_example2)
Warning: multiple conflicting drivers for user_project_wrapper.\la_data_out [120]:
    port la_data_out[120] of cell mprj1 (user_proj_example)
    port la_data_out[120] of cell mprj2 (user_proj_example2)
Warning: multiple conflicting drivers for user_project_wrapper.\la_data_out [119]:
    port la_data_out[119] of cell mprj1 (user_proj_example)
    port la_data_out[119] of cell mprj2 (user_proj_example2)
Warning: multiple conflicting drivers for user_project_wrapper.\la_data_out [118]:
    port la_data_out[118] of cell mprj1 (user_proj_example)
    port la_data_out[118] of cell mprj2 (user_proj_example2)
Warning: multiple conflicting drivers for user_project_wrapper.\la_data_out [117]:
    port la_data_out[117] of cell mprj1 (user_proj_example)
    port la_data_out[117] of cell mprj2 (user_proj_example2)
Warning: multiple conflicting drivers for user_project_wrapper.\la_data_out [116]:
    port la_data_out[116] of cell mprj1 (user_proj_example)
    port la_data_out[116] of cell mprj2 (user_proj_example2)
Warning: multiple conflicting drivers for user_project_wrapper.\la_data_out [115]:
    port la_data_out[115] of cell mprj1 (user_proj_example)
    port la_data_out[115] of cell mprj2 (user_proj_example2)
Warning: multiple conflicting drivers for user_project_wrapper.\la_data_out [114]:
    port la_data_out[114] of cell mprj1 (user_proj_example)
    port la_data_out[114] of cell mprj2 (user_proj_example2)
Warning: multiple conflicting drivers for user_project_wrapper.\la_data_out [113]:
    port la_data_out[113] of cell mprj1 (user_proj_example)
    port la_data_out[113] of cell mprj2 (user_proj_example2)
Warning: multiple conflicting drivers for user_project_wrapper.\la_data_out [112]:
    port la_data_out[112] of cell mprj1 (user_proj_example)
    port la_data_out[112] of cell mprj2 (user_proj_example2)
Warning: multiple conflicting drivers for user_project_wrapper.\la_data_out [111]:
    port la_data_out[111] of cell mprj1 (user_proj_example)
    port la_data_out[111] of cell mprj2 (user_proj_example2)
Warning: multiple conflicting drivers for user_project_wrapper.\la_data_out [110]:
    port la_data_out[110] of cell mprj1 (user_proj_example)
    port la_data_out[110] of cell mprj2 (user_proj_example2)
Warning: multiple conflicting drivers for user_project_wrapper.\la_data_out [109]:
    port la_data_out[109] of cell mprj1 (user_proj_example)
    port la_data_out[109] of cell mprj2 (user_proj_example2)
Warning: multiple conflicting drivers for user_project_wrapper.\la_data_out [108]:
    port la_data_out[108] of cell mprj1 (user_proj_example)
    port la_data_out[108] of cell mprj2 (user_proj_example2)
Warning: multiple conflicting drivers for user_project_wrapper.\la_data_out [107]:
    port la_data_out[107] of cell mprj1 (user_proj_example)
    port la_data_out[107] of cell mprj2 (user_proj_example2)
Warning: multiple conflicting drivers for user_project_wrapper.\la_data_out [106]:
    port la_data_out[106] of cell mprj1 (user_proj_example)
    port la_data_out[106] of cell mprj2 (user_proj_example2)
Warning: multiple conflicting drivers for user_project_wrapper.\la_data_out [105]:
    port la_data_out[105] of cell mprj1 (user_proj_example)
    port la_data_out[105] of cell mprj2 (user_proj_example2)
Warning: multiple conflicting drivers for user_project_wrapper.\la_data_out [104]:
    port la_data_out[104] of cell mprj1 (user_proj_example)
    port la_data_out[104] of cell mprj2 (user_proj_example2)
Warning: multiple conflicting drivers for user_project_wrapper.\la_data_out [103]:
    port la_data_out[103] of cell mprj1 (user_proj_example)
    port la_data_out[103] of cell mprj2 (user_proj_example2)
Warning: multiple conflicting drivers for user_project_wrapper.\la_data_out [102]:
    port la_data_out[102] of cell mprj1 (user_proj_example)
    port la_data_out[102] of cell mprj2 (user_proj_example2)
Warning: multiple conflicting drivers for user_project_wrapper.\la_data_out [101]:
    port la_data_out[101] of cell mprj1 (user_proj_example)
    port la_data_out[101] of cell mprj2 (user_proj_example2)
Warning: multiple conflicting drivers for user_project_wrapper.\la_data_out [100]:
    port la_data_out[100] of cell mprj1 (user_proj_example)
    port la_data_out[100] of cell mprj2 (user_proj_example2)
Warning: multiple conflicting drivers for user_project_wrapper.\la_data_out [99]:
    port la_data_out[99] of cell mprj1 (user_proj_example)
    port la_data_out[99] of cell mprj2 (user_proj_example2)
Warning: multiple conflicting drivers for user_project_wrapper.\la_data_out [98]:
    port la_data_out[98] of cell mprj1 (user_proj_example)
    port la_data_out[98] of cell mprj2 (user_proj_example2)
Warning: multiple conflicting drivers for user_project_wrapper.\la_data_out [97]:
    port la_data_out[97] of cell mprj1 (user_proj_example)
    port la_data_out[97] of cell mprj2 (user_proj_example2)
Warning: multiple conflicting drivers for user_project_wrapper.\la_data_out [96]:
    port la_data_out[96] of cell mprj1 (user_proj_example)
    port la_data_out[96] of cell mprj2 (user_proj_example2)
Warning: multiple conflicting drivers for user_project_wrapper.\la_data_out [95]:
    port la_data_out[95] of cell mprj1 (user_proj_example)
    port la_data_out[95] of cell mprj2 (user_proj_example2)
Warning: multiple conflicting drivers for user_project_wrapper.\la_data_out [94]:
    port la_data_out[94] of cell mprj1 (user_proj_example)
    port la_data_out[94] of cell mprj2 (user_proj_example2)
Warning: multiple conflicting drivers for user_project_wrapper.\la_data_out [93]:
    port la_data_out[93] of cell mprj1 (user_proj_example)
    port la_data_out[93] of cell mprj2 (user_proj_example2)
Warning: multiple conflicting drivers for user_project_wrapper.\la_data_out [92]:
    port la_data_out[92] of cell mprj1 (user_proj_example)
    port la_data_out[92] of cell mprj2 (user_proj_example2)
Warning: multiple conflicting drivers for user_project_wrapper.\la_data_out [91]:
    port la_data_out[91] of cell mprj1 (user_proj_example)
    port la_data_out[91] of cell mprj2 (user_proj_example2)
Warning: multiple conflicting drivers for user_project_wrapper.\la_data_out [90]:
    port la_data_out[90] of cell mprj1 (user_proj_example)
    port la_data_out[90] of cell mprj2 (user_proj_example2)
Warning: multiple conflicting drivers for user_project_wrapper.\la_data_out [89]:
    port la_data_out[89] of cell mprj1 (user_proj_example)
    port la_data_out[89] of cell mprj2 (user_proj_example2)
Warning: multiple conflicting drivers for user_project_wrapper.\la_data_out [88]:
    port la_data_out[88] of cell mprj1 (user_proj_example)
    port la_data_out[88] of cell mprj2 (user_proj_example2)
Warning: multiple conflicting drivers for user_project_wrapper.\la_data_out [87]:
    port la_data_out[87] of cell mprj1 (user_proj_example)
    port la_data_out[87] of cell mprj2 (user_proj_example2)
Warning: multiple conflicting drivers for user_project_wrapper.\la_data_out [86]:
    port la_data_out[86] of cell mprj1 (user_proj_example)
    port la_data_out[86] of cell mprj2 (user_proj_example2)
Warning: multiple conflicting drivers for user_project_wrapper.\la_data_out [85]:
    port la_data_out[85] of cell mprj1 (user_proj_example)
    port la_data_out[85] of cell mprj2 (user_proj_example2)
Warning: multiple conflicting drivers for user_project_wrapper.\la_data_out [84]:
    port la_data_out[84] of cell mprj1 (user_proj_example)
    port la_data_out[84] of cell mprj2 (user_proj_example2)
Warning: multiple conflicting drivers for user_project_wrapper.\la_data_out [83]:
    port la_data_out[83] of cell mprj1 (user_proj_example)
    port la_data_out[83] of cell mprj2 (user_proj_example2)
Warning: multiple conflicting drivers for user_project_wrapper.\la_data_out [82]:
    port la_data_out[82] of cell mprj1 (user_proj_example)
    port la_data_out[82] of cell mprj2 (user_proj_example2)
Warning: multiple conflicting drivers for user_project_wrapper.\la_data_out [81]:
    port la_data_out[81] of cell mprj1 (user_proj_example)
    port la_data_out[81] of cell mprj2 (user_proj_example2)
Warning: multiple conflicting drivers for user_project_wrapper.\la_data_out [80]:
    port la_data_out[80] of cell mprj1 (user_proj_example)
    port la_data_out[80] of cell mprj2 (user_proj_example2)
Warning: multiple conflicting drivers for user_project_wrapper.\la_data_out [79]:
    port la_data_out[79] of cell mprj1 (user_proj_example)
    port la_data_out[79] of cell mprj2 (user_proj_example2)
Warning: multiple conflicting drivers for user_project_wrapper.\la_data_out [78]:
    port la_data_out[78] of cell mprj1 (user_proj_example)
    port la_data_out[78] of cell mprj2 (user_proj_example2)
Warning: multiple conflicting drivers for user_project_wrapper.\la_data_out [77]:
    port la_data_out[77] of cell mprj1 (user_proj_example)
    port la_data_out[77] of cell mprj2 (user_proj_example2)
Warning: multiple conflicting drivers for user_project_wrapper.\la_data_out [76]:
    port la_data_out[76] of cell mprj1 (user_proj_example)
    port la_data_out[76] of cell mprj2 (user_proj_example2)
Warning: multiple conflicting drivers for user_project_wrapper.\la_data_out [75]:
    port la_data_out[75] of cell mprj1 (user_proj_example)
    port la_data_out[75] of cell mprj2 (user_proj_example2)
Warning: multiple conflicting drivers for user_project_wrapper.\la_data_out [74]:
    port la_data_out[74] of cell mprj1 (user_proj_example)
    port la_data_out[74] of cell mprj2 (user_proj_example2)
Warning: multiple conflicting drivers for user_project_wrapper.\la_data_out [73]:
    port la_data_out[73] of cell mprj1 (user_proj_example)
    port la_data_out[73] of cell mprj2 (user_proj_example2)
Warning: multiple conflicting drivers for user_project_wrapper.\la_data_out [72]:
    port la_data_out[72] of cell mprj1 (user_proj_example)
    port la_data_out[72] of cell mprj2 (user_proj_example2)
Warning: multiple conflicting drivers for user_project_wrapper.\la_data_out [71]:
    port la_data_out[71] of cell mprj1 (user_proj_example)
    port la_data_out[71] of cell mprj2 (user_proj_example2)
Warning: multiple conflicting drivers for user_project_wrapper.\la_data_out [70]:
    port la_data_out[70] of cell mprj1 (user_proj_example)
    port la_data_out[70] of cell mprj2 (user_proj_example2)
Warning: multiple conflicting drivers for user_project_wrapper.\la_data_out [69]:
    port la_data_out[69] of cell mprj1 (user_proj_example)
    port la_data_out[69] of cell mprj2 (user_proj_example2)
Warning: multiple conflicting drivers for user_project_wrapper.\la_data_out [68]:
    port la_data_out[68] of cell mprj1 (user_proj_example)
    port la_data_out[68] of cell mprj2 (user_proj_example2)
Warning: multiple conflicting drivers for user_project_wrapper.\la_data_out [67]:
    port la_data_out[67] of cell mprj1 (user_proj_example)
    port la_data_out[67] of cell mprj2 (user_proj_example2)
Warning: multiple conflicting drivers for user_project_wrapper.\la_data_out [66]:
    port la_data_out[66] of cell mprj1 (user_proj_example)
    port la_data_out[66] of cell mprj2 (user_proj_example2)
Warning: multiple conflicting drivers for user_project_wrapper.\la_data_out [65]:
    port la_data_out[65] of cell mprj1 (user_proj_example)
    port la_data_out[65] of cell mprj2 (user_proj_example2)
Warning: multiple conflicting drivers for user_project_wrapper.\la_data_out [64]:
    port la_data_out[64] of cell mprj1 (user_proj_example)
    port la_data_out[64] of cell mprj2 (user_proj_example2)
Warning: multiple conflicting drivers for user_project_wrapper.\la_data_out [63]:
    port la_data_out[63] of cell mprj1 (user_proj_example)
    port la_data_out[63] of cell mprj2 (user_proj_example2)
Warning: multiple conflicting drivers for user_project_wrapper.\la_data_out [62]:
    port la_data_out[62] of cell mprj1 (user_proj_example)
    port la_data_out[62] of cell mprj2 (user_proj_example2)
Warning: multiple conflicting drivers for user_project_wrapper.\la_data_out [61]:
    port la_data_out[61] of cell mprj1 (user_proj_example)
    port la_data_out[61] of cell mprj2 (user_proj_example2)
Warning: multiple conflicting drivers for user_project_wrapper.\la_data_out [60]:
    port la_data_out[60] of cell mprj1 (user_proj_example)
    port la_data_out[60] of cell mprj2 (user_proj_example2)
Warning: multiple conflicting drivers for user_project_wrapper.\la_data_out [59]:
    port la_data_out[59] of cell mprj1 (user_proj_example)
    port la_data_out[59] of cell mprj2 (user_proj_example2)
Warning: multiple conflicting drivers for user_project_wrapper.\la_data_out [58]:
    port la_data_out[58] of cell mprj1 (user_proj_example)
    port la_data_out[58] of cell mprj2 (user_proj_example2)
Warning: multiple conflicting drivers for user_project_wrapper.\la_data_out [57]:
    port la_data_out[57] of cell mprj1 (user_proj_example)
    port la_data_out[57] of cell mprj2 (user_proj_example2)
Warning: multiple conflicting drivers for user_project_wrapper.\la_data_out [56]:
    port la_data_out[56] of cell mprj1 (user_proj_example)
    port la_data_out[56] of cell mprj2 (user_proj_example2)
Warning: multiple conflicting drivers for user_project_wrapper.\la_data_out [55]:
    port la_data_out[55] of cell mprj1 (user_proj_example)
    port la_data_out[55] of cell mprj2 (user_proj_example2)
Warning: multiple conflicting drivers for user_project_wrapper.\la_data_out [54]:
    port la_data_out[54] of cell mprj1 (user_proj_example)
    port la_data_out[54] of cell mprj2 (user_proj_example2)
Warning: multiple conflicting drivers for user_project_wrapper.\la_data_out [53]:
    port la_data_out[53] of cell mprj1 (user_proj_example)
    port la_data_out[53] of cell mprj2 (user_proj_example2)
Warning: multiple conflicting drivers for user_project_wrapper.\la_data_out [52]:
    port la_data_out[52] of cell mprj1 (user_proj_example)
    port la_data_out[52] of cell mprj2 (user_proj_example2)
Warning: multiple conflicting drivers for user_project_wrapper.\la_data_out [51]:
    port la_data_out[51] of cell mprj1 (user_proj_example)
    port la_data_out[51] of cell mprj2 (user_proj_example2)
Warning: multiple conflicting drivers for user_project_wrapper.\la_data_out [50]:
    port la_data_out[50] of cell mprj1 (user_proj_example)
    port la_data_out[50] of cell mprj2 (user_proj_example2)
Warning: multiple conflicting drivers for user_project_wrapper.\la_data_out [49]:
    port la_data_out[49] of cell mprj1 (user_proj_example)
    port la_data_out[49] of cell mprj2 (user_proj_example2)
Warning: multiple conflicting drivers for user_project_wrapper.\la_data_out [48]:
    port la_data_out[48] of cell mprj1 (user_proj_example)
    port la_data_out[48] of cell mprj2 (user_proj_example2)
Warning: multiple conflicting drivers for user_project_wrapper.\la_data_out [47]:
    port la_data_out[47] of cell mprj1 (user_proj_example)
    port la_data_out[47] of cell mprj2 (user_proj_example2)
Warning: multiple conflicting drivers for user_project_wrapper.\la_data_out [46]:
    port la_data_out[46] of cell mprj1 (user_proj_example)
    port la_data_out[46] of cell mprj2 (user_proj_example2)
Warning: multiple conflicting drivers for user_project_wrapper.\la_data_out [45]:
    port la_data_out[45] of cell mprj1 (user_proj_example)
    port la_data_out[45] of cell mprj2 (user_proj_example2)
Warning: multiple conflicting drivers for user_project_wrapper.\la_data_out [44]:
    port la_data_out[44] of cell mprj1 (user_proj_example)
    port la_data_out[44] of cell mprj2 (user_proj_example2)
Warning: multiple conflicting drivers for user_project_wrapper.\la_data_out [43]:
    port la_data_out[43] of cell mprj1 (user_proj_example)
    port la_data_out[43] of cell mprj2 (user_proj_example2)
Warning: multiple conflicting drivers for user_project_wrapper.\la_data_out [42]:
    port la_data_out[42] of cell mprj1 (user_proj_example)
    port la_data_out[42] of cell mprj2 (user_proj_example2)
Warning: multiple conflicting drivers for user_project_wrapper.\la_data_out [41]:
    port la_data_out[41] of cell mprj1 (user_proj_example)
    port la_data_out[41] of cell mprj2 (user_proj_example2)
Warning: multiple conflicting drivers for user_project_wrapper.\la_data_out [40]:
    port la_data_out[40] of cell mprj1 (user_proj_example)
    port la_data_out[40] of cell mprj2 (user_proj_example2)
Warning: multiple conflicting drivers for user_project_wrapper.\la_data_out [39]:
    port la_data_out[39] of cell mprj1 (user_proj_example)
    port la_data_out[39] of cell mprj2 (user_proj_example2)
Warning: multiple conflicting drivers for user_project_wrapper.\la_data_out [38]:
    port la_data_out[38] of cell mprj1 (user_proj_example)
    port la_data_out[38] of cell mprj2 (user_proj_example2)
Warning: multiple conflicting drivers for user_project_wrapper.\la_data_out [37]:
    port la_data_out[37] of cell mprj1 (user_proj_example)
    port la_data_out[37] of cell mprj2 (user_proj_example2)
Warning: multiple conflicting drivers for user_project_wrapper.\la_data_out [36]:
    port la_data_out[36] of cell mprj1 (user_proj_example)
    port la_data_out[36] of cell mprj2 (user_proj_example2)
Warning: multiple conflicting drivers for user_project_wrapper.\la_data_out [35]:
    port la_data_out[35] of cell mprj1 (user_proj_example)
    port la_data_out[35] of cell mprj2 (user_proj_example2)
Warning: multiple conflicting drivers for user_project_wrapper.\la_data_out [34]:
    port la_data_out[34] of cell mprj1 (user_proj_example)
    port la_data_out[34] of cell mprj2 (user_proj_example2)
Warning: multiple conflicting drivers for user_project_wrapper.\la_data_out [33]:
    port la_data_out[33] of cell mprj1 (user_proj_example)
    port la_data_out[33] of cell mprj2 (user_proj_example2)
Warning: multiple conflicting drivers for user_project_wrapper.\la_data_out [32]:
    port la_data_out[32] of cell mprj1 (user_proj_example)
    port la_data_out[32] of cell mprj2 (user_proj_example2)
Warning: multiple conflicting drivers for user_project_wrapper.\la_data_out [31]:
    port la_data_out[31] of cell mprj1 (user_proj_example)
    port la_data_out[31] of cell mprj2 (user_proj_example2)
Warning: multiple conflicting drivers for user_project_wrapper.\la_data_out [30]:
    port la_data_out[30] of cell mprj1 (user_proj_example)
    port la_data_out[30] of cell mprj2 (user_proj_example2)
Warning: multiple conflicting drivers for user_project_wrapper.\la_data_out [29]:
    port la_data_out[29] of cell mprj1 (user_proj_example)
    port la_data_out[29] of cell mprj2 (user_proj_example2)
Warning: multiple conflicting drivers for user_project_wrapper.\la_data_out [28]:
    port la_data_out[28] of cell mprj1 (user_proj_example)
    port la_data_out[28] of cell mprj2 (user_proj_example2)
Warning: multiple conflicting drivers for user_project_wrapper.\la_data_out [27]:
    port la_data_out[27] of cell mprj1 (user_proj_example)
    port la_data_out[27] of cell mprj2 (user_proj_example2)
Warning: multiple conflicting drivers for user_project_wrapper.\la_data_out [26]:
    port la_data_out[26] of cell mprj1 (user_proj_example)
    port la_data_out[26] of cell mprj2 (user_proj_example2)
Warning: multiple conflicting drivers for user_project_wrapper.\la_data_out [25]:
    port la_data_out[25] of cell mprj1 (user_proj_example)
    port la_data_out[25] of cell mprj2 (user_proj_example2)
Warning: multiple conflicting drivers for user_project_wrapper.\la_data_out [24]:
    port la_data_out[24] of cell mprj1 (user_proj_example)
    port la_data_out[24] of cell mprj2 (user_proj_example2)
Warning: multiple conflicting drivers for user_project_wrapper.\la_data_out [23]:
    port la_data_out[23] of cell mprj1 (user_proj_example)
    port la_data_out[23] of cell mprj2 (user_proj_example2)
Warning: multiple conflicting drivers for user_project_wrapper.\la_data_out [22]:
    port la_data_out[22] of cell mprj1 (user_proj_example)
    port la_data_out[22] of cell mprj2 (user_proj_example2)
Warning: multiple conflicting drivers for user_project_wrapper.\la_data_out [21]:
    port la_data_out[21] of cell mprj1 (user_proj_example)
    port la_data_out[21] of cell mprj2 (user_proj_example2)
Warning: multiple conflicting drivers for user_project_wrapper.\la_data_out [20]:
    port la_data_out[20] of cell mprj1 (user_proj_example)
    port la_data_out[20] of cell mprj2 (user_proj_example2)
Warning: multiple conflicting drivers for user_project_wrapper.\la_data_out [19]:
    port la_data_out[19] of cell mprj1 (user_proj_example)
    port la_data_out[19] of cell mprj2 (user_proj_example2)
Warning: multiple conflicting drivers for user_project_wrapper.\la_data_out [18]:
    port la_data_out[18] of cell mprj1 (user_proj_example)
    port la_data_out[18] of cell mprj2 (user_proj_example2)
Warning: multiple conflicting drivers for user_project_wrapper.\la_data_out [17]:
    port la_data_out[17] of cell mprj1 (user_proj_example)
    port la_data_out[17] of cell mprj2 (user_proj_example2)
Warning: multiple conflicting drivers for user_project_wrapper.\la_data_out [16]:
    port la_data_out[16] of cell mprj1 (user_proj_example)
    port la_data_out[16] of cell mprj2 (user_proj_example2)
Warning: multiple conflicting drivers for user_project_wrapper.\la_data_out [15]:
    port la_data_out[15] of cell mprj1 (user_proj_example)
    port la_data_out[15] of cell mprj2 (user_proj_example2)
Warning: multiple conflicting drivers for user_project_wrapper.\la_data_out [14]:
    port la_data_out[14] of cell mprj1 (user_proj_example)
    port la_data_out[14] of cell mprj2 (user_proj_example2)
Warning: multiple conflicting drivers for user_project_wrapper.\la_data_out [13]:
    port la_data_out[13] of cell mprj1 (user_proj_example)
    port la_data_out[13] of cell mprj2 (user_proj_example2)
Warning: multiple conflicting drivers for user_project_wrapper.\la_data_out [12]:
    port la_data_out[12] of cell mprj1 (user_proj_example)
    port la_data_out[12] of cell mprj2 (user_proj_example2)
Warning: multiple conflicting drivers for user_project_wrapper.\la_data_out [11]:
    port la_data_out[11] of cell mprj1 (user_proj_example)
    port la_data_out[11] of cell mprj2 (user_proj_example2)
Warning: multiple conflicting drivers for user_project_wrapper.\la_data_out [10]:
    port la_data_out[10] of cell mprj1 (user_proj_example)
    port la_data_out[10] of cell mprj2 (user_proj_example2)
Warning: multiple conflicting drivers for user_project_wrapper.\la_data_out [9]:
    port la_data_out[9] of cell mprj1 (user_proj_example)
    port la_data_out[9] of cell mprj2 (user_proj_example2)
Warning: multiple conflicting drivers for user_project_wrapper.\la_data_out [8]:
    port la_data_out[8] of cell mprj1 (user_proj_example)
    port la_data_out[8] of cell mprj2 (user_proj_example2)
Warning: multiple conflicting drivers for user_project_wrapper.\la_data_out [7]:
    port la_data_out[7] of cell mprj1 (user_proj_example)
    port la_data_out[7] of cell mprj2 (user_proj_example2)
Warning: multiple conflicting drivers for user_project_wrapper.\la_data_out [6]:
    port la_data_out[6] of cell mprj1 (user_proj_example)
    port la_data_out[6] of cell mprj2 (user_proj_example2)
Warning: multiple conflicting drivers for user_project_wrapper.\la_data_out [5]:
    port la_data_out[5] of cell mprj1 (user_proj_example)
    port la_data_out[5] of cell mprj2 (user_proj_example2)
Warning: multiple conflicting drivers for user_project_wrapper.\la_data_out [4]:
    port la_data_out[4] of cell mprj1 (user_proj_example)
    port la_data_out[4] of cell mprj2 (user_proj_example2)
Warning: multiple conflicting drivers for user_project_wrapper.\la_data_out [3]:
    port la_data_out[3] of cell mprj1 (user_proj_example)
    port la_data_out[3] of cell mprj2 (user_proj_example2)
Warning: multiple conflicting drivers for user_project_wrapper.\la_data_out [2]:
    port la_data_out[2] of cell mprj1 (user_proj_example)
    port la_data_out[2] of cell mprj2 (user_proj_example2)
Warning: multiple conflicting drivers for user_project_wrapper.\la_data_out [1]:
    port la_data_out[1] of cell mprj1 (user_proj_example)
    port la_data_out[1] of cell mprj2 (user_proj_example2)
Warning: multiple conflicting drivers for user_project_wrapper.\la_data_out [0]:
    port la_data_out[0] of cell mprj1 (user_proj_example)
    port la_data_out[0] of cell mprj2 (user_proj_example2)
Warning: multiple conflicting drivers for user_project_wrapper.\user_irq [2]:
    port irq[2] of cell mprj1 (user_proj_example)
    port irq[2] of cell mprj2 (user_proj_example2)
Warning: multiple conflicting drivers for user_project_wrapper.\user_irq [1]:
    port irq[1] of cell mprj1 (user_proj_example)
    port irq[1] of cell mprj2 (user_proj_example2)
Warning: multiple conflicting drivers for user_project_wrapper.\user_irq [0]:
    port irq[0] of cell mprj1 (user_proj_example)
    port irq[0] of cell mprj2 (user_proj_example2)
Warning: multiple conflicting drivers for user_project_wrapper.\io_out [37]:
    port io_out[37] of cell mprj1 (user_proj_example)
    port io_out[37] of cell mprj2 (user_proj_example2)
Warning: multiple conflicting drivers for user_project_wrapper.\io_out [36]:
    port io_out[36] of cell mprj1 (user_proj_example)
    port io_out[36] of cell mprj2 (user_proj_example2)
Warning: multiple conflicting drivers for user_project_wrapper.\io_out [35]:
    port io_out[35] of cell mprj1 (user_proj_example)
    port io_out[35] of cell mprj2 (user_proj_example2)
Warning: multiple conflicting drivers for user_project_wrapper.\io_out [34]:
    port io_out[34] of cell mprj1 (user_proj_example)
    port io_out[34] of cell mprj2 (user_proj_example2)
Warning: multiple conflicting drivers for user_project_wrapper.\io_out [33]:
    port io_out[33] of cell mprj1 (user_proj_example)
    port io_out[33] of cell mprj2 (user_proj_example2)
Warning: multiple conflicting drivers for user_project_wrapper.\io_out [32]:
    port io_out[32] of cell mprj1 (user_proj_example)
    port io_out[32] of cell mprj2 (user_proj_example2)
Warning: multiple conflicting drivers for user_project_wrapper.\io_out [31]:
    port io_out[31] of cell mprj1 (user_proj_example)
    port io_out[31] of cell mprj2 (user_proj_example2)
Warning: multiple conflicting drivers for user_project_wrapper.\io_out [30]:
    port io_out[30] of cell mprj1 (user_proj_example)
    port io_out[30] of cell mprj2 (user_proj_example2)
Warning: multiple conflicting drivers for user_project_wrapper.\io_out [29]:
    port io_out[29] of cell mprj1 (user_proj_example)
    port io_out[29] of cell mprj2 (user_proj_example2)
Warning: multiple conflicting drivers for user_project_wrapper.\io_out [28]:
    port io_out[28] of cell mprj1 (user_proj_example)
    port io_out[28] of cell mprj2 (user_proj_example2)
Warning: multiple conflicting drivers for user_project_wrapper.\io_out [27]:
    port io_out[27] of cell mprj1 (user_proj_example)
    port io_out[27] of cell mprj2 (user_proj_example2)
Warning: multiple conflicting drivers for user_project_wrapper.\io_out [26]:
    port io_out[26] of cell mprj1 (user_proj_example)
    port io_out[26] of cell mprj2 (user_proj_example2)
Warning: multiple conflicting drivers for user_project_wrapper.\io_out [25]:
    port io_out[25] of cell mprj1 (user_proj_example)
    port io_out[25] of cell mprj2 (user_proj_example2)
Warning: multiple conflicting drivers for user_project_wrapper.\io_out [24]:
    port io_out[24] of cell mprj1 (user_proj_example)
    port io_out[24] of cell mprj2 (user_proj_example2)
Warning: multiple conflicting drivers for user_project_wrapper.\io_out [23]:
    port io_out[23] of cell mprj1 (user_proj_example)
    port io_out[23] of cell mprj2 (user_proj_example2)
Warning: multiple conflicting drivers for user_project_wrapper.\io_out [22]:
    port io_out[22] of cell mprj1 (user_proj_example)
    port io_out[22] of cell mprj2 (user_proj_example2)
Warning: multiple conflicting drivers for user_project_wrapper.\io_out [21]:
    port io_out[21] of cell mprj1 (user_proj_example)
    port io_out[21] of cell mprj2 (user_proj_example2)
Warning: multiple conflicting drivers for user_project_wrapper.\io_out [20]:
    port io_out[20] of cell mprj1 (user_proj_example)
    port io_out[20] of cell mprj2 (user_proj_example2)
Warning: multiple conflicting drivers for user_project_wrapper.\io_out [19]:
    port io_out[19] of cell mprj1 (user_proj_example)
    port io_out[19] of cell mprj2 (user_proj_example2)
Warning: multiple conflicting drivers for user_project_wrapper.\io_out [18]:
    port io_out[18] of cell mprj1 (user_proj_example)
    port io_out[18] of cell mprj2 (user_proj_example2)
Warning: multiple conflicting drivers for user_project_wrapper.\io_out [17]:
    port io_out[17] of cell mprj1 (user_proj_example)
    port io_out[17] of cell mprj2 (user_proj_example2)
Warning: multiple conflicting drivers for user_project_wrapper.\io_out [16]:
    port io_out[16] of cell mprj1 (user_proj_example)
    port io_out[16] of cell mprj2 (user_proj_example2)
Warning: multiple conflicting drivers for user_project_wrapper.\io_out [15]:
    port io_out[15] of cell mprj1 (user_proj_example)
    port io_out[15] of cell mprj2 (user_proj_example2)
Warning: multiple conflicting drivers for user_project_wrapper.\io_out [14]:
    port io_out[14] of cell mprj1 (user_proj_example)
    port io_out[14] of cell mprj2 (user_proj_example2)
Warning: multiple conflicting drivers for user_project_wrapper.\io_out [13]:
    port io_out[13] of cell mprj1 (user_proj_example)
    port io_out[13] of cell mprj2 (user_proj_example2)
Warning: multiple conflicting drivers for user_project_wrapper.\io_out [12]:
    port io_out[12] of cell mprj1 (user_proj_example)
    port io_out[12] of cell mprj2 (user_proj_example2)
Warning: multiple conflicting drivers for user_project_wrapper.\io_out [11]:
    port io_out[11] of cell mprj1 (user_proj_example)
    port io_out[11] of cell mprj2 (user_proj_example2)
Warning: multiple conflicting drivers for user_project_wrapper.\io_out [10]:
    port io_out[10] of cell mprj1 (user_proj_example)
    port io_out[10] of cell mprj2 (user_proj_example2)
Warning: multiple conflicting drivers for user_project_wrapper.\io_out [9]:
    port io_out[9] of cell mprj1 (user_proj_example)
    port io_out[9] of cell mprj2 (user_proj_example2)
Warning: multiple conflicting drivers for user_project_wrapper.\io_out [8]:
    port io_out[8] of cell mprj1 (user_proj_example)
    port io_out[8] of cell mprj2 (user_proj_example2)
Warning: multiple conflicting drivers for user_project_wrapper.\io_out [7]:
    port io_out[7] of cell mprj1 (user_proj_example)
    port io_out[7] of cell mprj2 (user_proj_example2)
Warning: multiple conflicting drivers for user_project_wrapper.\io_out [6]:
    port io_out[6] of cell mprj1 (user_proj_example)
    port io_out[6] of cell mprj2 (user_proj_example2)
Warning: multiple conflicting drivers for user_project_wrapper.\io_out [5]:
    port io_out[5] of cell mprj1 (user_proj_example)
    port io_out[5] of cell mprj2 (user_proj_example2)
Warning: multiple conflicting drivers for user_project_wrapper.\io_out [4]:
    port io_out[4] of cell mprj1 (user_proj_example)
    port io_out[4] of cell mprj2 (user_proj_example2)
Warning: multiple conflicting drivers for user_project_wrapper.\io_out [3]:
    port io_out[3] of cell mprj1 (user_proj_example)
    port io_out[3] of cell mprj2 (user_proj_example2)
Warning: multiple conflicting drivers for user_project_wrapper.\io_out [2]:
    port io_out[2] of cell mprj1 (user_proj_example)
    port io_out[2] of cell mprj2 (user_proj_example2)
Warning: multiple conflicting drivers for user_project_wrapper.\io_out [1]:
    port io_out[1] of cell mprj1 (user_proj_example)
    port io_out[1] of cell mprj2 (user_proj_example2)
Warning: multiple conflicting drivers for user_project_wrapper.\io_out [0]:
    port io_out[0] of cell mprj1 (user_proj_example)
    port io_out[0] of cell mprj2 (user_proj_example2)
Warning: multiple conflicting drivers for user_project_wrapper.\io_oeb [37]:
    port io_oeb[37] of cell mprj1 (user_proj_example)
    port io_oeb[37] of cell mprj2 (user_proj_example2)
Warning: multiple conflicting drivers for user_project_wrapper.\io_oeb [36]:
    port io_oeb[36] of cell mprj1 (user_proj_example)
    port io_oeb[36] of cell mprj2 (user_proj_example2)
Warning: multiple conflicting drivers for user_project_wrapper.\io_oeb [35]:
    port io_oeb[35] of cell mprj1 (user_proj_example)
    port io_oeb[35] of cell mprj2 (user_proj_example2)
Warning: multiple conflicting drivers for user_project_wrapper.\io_oeb [34]:
    port io_oeb[34] of cell mprj1 (user_proj_example)
    port io_oeb[34] of cell mprj2 (user_proj_example2)
Warning: multiple conflicting drivers for user_project_wrapper.\io_oeb [33]:
    port io_oeb[33] of cell mprj1 (user_proj_example)
    port io_oeb[33] of cell mprj2 (user_proj_example2)
Warning: multiple conflicting drivers for user_project_wrapper.\io_oeb [32]:
    port io_oeb[32] of cell mprj1 (user_proj_example)
    port io_oeb[32] of cell mprj2 (user_proj_example2)
Warning: multiple conflicting drivers for user_project_wrapper.\io_oeb [31]:
    port io_oeb[31] of cell mprj1 (user_proj_example)
    port io_oeb[31] of cell mprj2 (user_proj_example2)
Warning: multiple conflicting drivers for user_project_wrapper.\io_oeb [30]:
    port io_oeb[30] of cell mprj1 (user_proj_example)
    port io_oeb[30] of cell mprj2 (user_proj_example2)
Warning: multiple conflicting drivers for user_project_wrapper.\io_oeb [29]:
    port io_oeb[29] of cell mprj1 (user_proj_example)
    port io_oeb[29] of cell mprj2 (user_proj_example2)
Warning: multiple conflicting drivers for user_project_wrapper.\io_oeb [28]:
    port io_oeb[28] of cell mprj1 (user_proj_example)
    port io_oeb[28] of cell mprj2 (user_proj_example2)
Warning: multiple conflicting drivers for user_project_wrapper.\io_oeb [27]:
    port io_oeb[27] of cell mprj1 (user_proj_example)
    port io_oeb[27] of cell mprj2 (user_proj_example2)
Warning: multiple conflicting drivers for user_project_wrapper.\io_oeb [26]:
    port io_oeb[26] of cell mprj1 (user_proj_example)
    port io_oeb[26] of cell mprj2 (user_proj_example2)
Warning: multiple conflicting drivers for user_project_wrapper.\io_oeb [25]:
    port io_oeb[25] of cell mprj1 (user_proj_example)
    port io_oeb[25] of cell mprj2 (user_proj_example2)
Warning: multiple conflicting drivers for user_project_wrapper.\io_oeb [24]:
    port io_oeb[24] of cell mprj1 (user_proj_example)
    port io_oeb[24] of cell mprj2 (user_proj_example2)
Warning: multiple conflicting drivers for user_project_wrapper.\io_oeb [23]:
    port io_oeb[23] of cell mprj1 (user_proj_example)
    port io_oeb[23] of cell mprj2 (user_proj_example2)
Warning: multiple conflicting drivers for user_project_wrapper.\io_oeb [22]:
    port io_oeb[22] of cell mprj1 (user_proj_example)
    port io_oeb[22] of cell mprj2 (user_proj_example2)
Warning: multiple conflicting drivers for user_project_wrapper.\io_oeb [21]:
    port io_oeb[21] of cell mprj1 (user_proj_example)
    port io_oeb[21] of cell mprj2 (user_proj_example2)
Warning: multiple conflicting drivers for user_project_wrapper.\io_oeb [20]:
    port io_oeb[20] of cell mprj1 (user_proj_example)
    port io_oeb[20] of cell mprj2 (user_proj_example2)
Warning: multiple conflicting drivers for user_project_wrapper.\io_oeb [19]:
    port io_oeb[19] of cell mprj1 (user_proj_example)
    port io_oeb[19] of cell mprj2 (user_proj_example2)
Warning: multiple conflicting drivers for user_project_wrapper.\io_oeb [18]:
    port io_oeb[18] of cell mprj1 (user_proj_example)
    port io_oeb[18] of cell mprj2 (user_proj_example2)
Warning: multiple conflicting drivers for user_project_wrapper.\io_oeb [17]:
    port io_oeb[17] of cell mprj1 (user_proj_example)
    port io_oeb[17] of cell mprj2 (user_proj_example2)
Warning: multiple conflicting drivers for user_project_wrapper.\io_oeb [16]:
    port io_oeb[16] of cell mprj1 (user_proj_example)
    port io_oeb[16] of cell mprj2 (user_proj_example2)
Warning: multiple conflicting drivers for user_project_wrapper.\io_oeb [15]:
    port io_oeb[15] of cell mprj1 (user_proj_example)
    port io_oeb[15] of cell mprj2 (user_proj_example2)
Warning: multiple conflicting drivers for user_project_wrapper.\io_oeb [14]:
    port io_oeb[14] of cell mprj1 (user_proj_example)
    port io_oeb[14] of cell mprj2 (user_proj_example2)
Warning: multiple conflicting drivers for user_project_wrapper.\io_oeb [13]:
    port io_oeb[13] of cell mprj1 (user_proj_example)
    port io_oeb[13] of cell mprj2 (user_proj_example2)
Warning: multiple conflicting drivers for user_project_wrapper.\io_oeb [12]:
    port io_oeb[12] of cell mprj1 (user_proj_example)
    port io_oeb[12] of cell mprj2 (user_proj_example2)
Warning: multiple conflicting drivers for user_project_wrapper.\io_oeb [11]:
    port io_oeb[11] of cell mprj1 (user_proj_example)
    port io_oeb[11] of cell mprj2 (user_proj_example2)
Warning: multiple conflicting drivers for user_project_wrapper.\io_oeb [10]:
    port io_oeb[10] of cell mprj1 (user_proj_example)
    port io_oeb[10] of cell mprj2 (user_proj_example2)
Warning: multiple conflicting drivers for user_project_wrapper.\io_oeb [9]:
    port io_oeb[9] of cell mprj1 (user_proj_example)
    port io_oeb[9] of cell mprj2 (user_proj_example2)
Warning: multiple conflicting drivers for user_project_wrapper.\io_oeb [8]:
    port io_oeb[8] of cell mprj1 (user_proj_example)
    port io_oeb[8] of cell mprj2 (user_proj_example2)
Warning: multiple conflicting drivers for user_project_wrapper.\io_oeb [7]:
    port io_oeb[7] of cell mprj1 (user_proj_example)
    port io_oeb[7] of cell mprj2 (user_proj_example2)
Warning: multiple conflicting drivers for user_project_wrapper.\io_oeb [6]:
    port io_oeb[6] of cell mprj1 (user_proj_example)
    port io_oeb[6] of cell mprj2 (user_proj_example2)
Warning: multiple conflicting drivers for user_project_wrapper.\io_oeb [5]:
    port io_oeb[5] of cell mprj1 (user_proj_example)
    port io_oeb[5] of cell mprj2 (user_proj_example2)
Warning: multiple conflicting drivers for user_project_wrapper.\io_oeb [4]:
    port io_oeb[4] of cell mprj1 (user_proj_example)
    port io_oeb[4] of cell mprj2 (user_proj_example2)
Warning: multiple conflicting drivers for user_project_wrapper.\io_oeb [3]:
    port io_oeb[3] of cell mprj1 (user_proj_example)
    port io_oeb[3] of cell mprj2 (user_proj_example2)
Warning: multiple conflicting drivers for user_project_wrapper.\io_oeb [2]:
    port io_oeb[2] of cell mprj1 (user_proj_example)
    port io_oeb[2] of cell mprj2 (user_proj_example2)
Warning: multiple conflicting drivers for user_project_wrapper.\io_oeb [1]:
    port io_oeb[1] of cell mprj1 (user_proj_example)
    port io_oeb[1] of cell mprj2 (user_proj_example2)
Warning: multiple conflicting drivers for user_project_wrapper.\io_oeb [0]:
    port io_oeb[0] of cell mprj1 (user_proj_example)
    port io_oeb[0] of cell mprj2 (user_proj_example2)
Found and reported 240 problems.
